[Sun Feb 22 20:07:47 2026] PHP 8.3.6 Development Server (http://localhost:8080) started
[Sun Feb 22 20:09:11 2026] [::1]:37320 Accepted
[Sun Feb 22 20:09:11 2026] [::1]:37320 [200]: GET /student/exam
[Sun Feb 22 20:09:11 2026] [::1]:37320 Closing
[Sun Feb 22 20:09:11 2026] [::1]:37324 Accepted
[Sun Feb 22 20:09:11 2026] [::1]:37330 Accepted
[Sun Feb 22 20:09:11 2026] [::1]:37336 Accepted
[Sun Feb 22 20:09:11 2026] [::1]:37324 [404]: GET /css/tokens.css - No such file or directory
[Sun Feb 22 20:09:11 2026] [::1]:37324 Closing
[Sun Feb 22 20:09:11 2026] [::1]:37330 [404]: GET /css/custom.css - No such file or directory
[Sun Feb 22 20:09:11 2026] [::1]:37330 Closing
[Sun Feb 22 20:09:11 2026] [::1]:37336 [200]: GET /js/pages/exam.js
[Sun Feb 22 20:09:11 2026] [::1]:37336 Closing
[Sun Feb 22 20:09:12 2026] [::1]:36124 Accepted
[Sun Feb 22 20:09:12 2026] [::1]:36136 Accepted
[Sun Feb 22 20:09:12 2026] [::1]:36144 Accepted
[Sun Feb 22 20:09:12 2026] [::1]:36146 Accepted
[Sun Feb 22 20:09:12 2026] [::1]:36124 [200]: GET /js/utils/ApiClient.js
[Sun Feb 22 20:09:12 2026] [::1]:36136 [200]: GET /js/utils/Timer.js
[Sun Feb 22 20:09:12 2026] [::1]:36124 Closing
[Sun Feb 22 20:09:12 2026] [::1]:36144 [200]: GET /js/components/QuestionRenderer.js
[Sun Feb 22 20:09:12 2026] [::1]:36136 Closing
[Sun Feb 22 20:09:12 2026] [::1]:36144 Closing
[Sun Feb 22 20:09:12 2026] [::1]:36146 [200]: GET /js/components/Proctoring.js
[Sun Feb 22 20:09:12 2026] [::1]:36146 Closing
[Sun Feb 22 20:09:12 2026] [::1]:36148 Accepted
[Sun Feb 22 20:09:12 2026] [::1]:36148 [404]: GET /api/student/exams/sample-exam-id
[Sun Feb 22 20:09:12 2026] [::1]:36148 Closing
